AX=0000 BX=0000 CX=7309 DX=0087 SP=0400 BP=091C SI=0000 DI=0400 DS=0087 ES=0087 SS=028A CS=0097 IP=0000 NV UP EI PL NZ NA PO NC 0097:0000 1E               PUSH    DS
AX=0000 BX=0000 CX=7309 DX=0087 SP=03FE BP=091C SI=0000 DI=0400 DS=0087 ES=0087 SS=028A CS=0097 IP=0001 NV UP EI PL NZ NA PO NC 0097:0001 8CC8             MOV     AX,CS
AX=0097 BX=0000 CX=7309 DX=0087 SP=03FE BP=091C SI=0000 DI=0400 DS=0087 ES=0087 SS=028A CS=0097 IP=0003 NV UP EI PL NZ NA PO NC 0097:0003 05DA01           ADD     AX,01DA
AX=0271 BX=0000 CX=7309 DX=0087 SP=03FE BP=091C SI=0000 DI=0400 DS=0087 ES=0087 SS=028A CS=0097 IP=0006 NV UP EI PL NZ AC PE NC 0097:0006 8ED8             MOV     DS,AX
AX=0271 BX=0000 CX=7309 DX=0087 SP=03FE BP=091C SI=0000 DI=0400 DS=0271 ES=0087 SS=028A CS=0097 IP=0008 NV UP EI PL NZ AC PE NC 0097:0008 8EC0             MOV     ES,AX
AX=0271 BX=0000 CX=7309 DX=0087 SP=03FE BP=091C SI=0000 DI=0400 DS=0271 ES=0271 SS=028A CS=0097 IP=000A NV UP EI PL NZ AC PE NC 0097:000A 8CC8             MOV     AX,CS
AX=0097 BX=0000 CX=7309 DX=0087 SP=03FE BP=091C SI=0000 DI=0400 DS=0271 ES=0271 SS=028A CS=0097 IP=000C NV UP EI PL NZ AC PE NC 0097:000C 05F301           ADD     AX,01F3
AX=028A BX=0000 CX=7309 DX=0087 SP=03FE BP=091C SI=0000 DI=0400 DS=0271 ES=0271 SS=028A CS=0097 IP=000F NV UP EI PL NZ NA PO NC 0097:000F FA               CLI
AX=028A BX=0000 CX=7309 DX=0087 SP=03FE BP=091C SI=0000 DI=0400 DS=0271 ES=0271 SS=028A CS=0097 IP=0010 NV UP DI PL NZ NA PO NC 0097:0010 8ED0             MOV     SS,AX
AX=028A BX=0000 CX=7309 DX=0087 SP=03FE BP=091C SI=0000 DI=0400 DS=0271 ES=0271 SS=028A CS=0097 IP=0012 NV UP DI PL NZ NA PO NC 0097:0012 BC0004           MOV     SP,0400
AX=028A BX=0000 CX=7309 DX=0087 SP=0400 BP=091C SI=0000 DI=0400 DS=0271 ES=0271 SS=028A CS=0097 IP=0015 NV UP DI PL NZ NA PO NC 0097:0015 FB               STI
AX=028A BX=0000 CX=7309 DX=0087 SP=0400 BP=091C SI=0000 DI=0400 DS=0271 ES=0271 SS=028A CS=0097 IP=0016 NV UP EI PL NZ NA PO NC 0097:0016 B90000           MOV     CX,0000
AX=028A BX=0000 CX=0000 DX=0087 SP=0400 BP=091C SI=0000 DI=0400 DS=0271 ES=0271 SS=028A CS=0097 IP=0019 NV UP EI PL NZ NA PO NC 0097:0019 E30F             JCXZ    002A
AX=028A BX=0000 CX=0000 DX=0087 SP=0400 BP=091C SI=0000 DI=0400 DS=0271 ES=0271 SS=028A CS=0097 IP=002A NV UP EI PL NZ NA PO NC 0097:002A 1F               POP     DS
AX=028A BX=0000 CX=0000 DX=0087 SP=0402 BP=091C SI=0000 DI=0400 DS=0000 ES=0271 SS=028A CS=0097 IP=002B NV UP EI PL NZ NA PO NC 0097:002B 31C9             XOR     CX,CX
AX=028A BX=0000 CX=0000 DX=0087 SP=0402 BP=091C SI=0000 DI=0400 DS=0000 ES=0271 SS=028A CS=0097 IP=002D NV UP EI PL ZR NA PE NC 0097:002D 8A0E8000         MOV     CL,[0080]
AX=028A BX=0000 CX=0020 DX=0087 SP=0402 BP=091C SI=0000 DI=0400 DS=0000 ES=0271 SS=028A CS=0097 IP=0031 NV UP EI PL ZR NA PE NC 0097:0031 E36A             JCXZ    009D
AX=028A BX=0000 CX=0020 DX=0087 SP=0402 BP=091C SI=0000 DI=0400 DS=0000 ES=0271 SS=028A CS=0097 IP=0033 NV UP EI PL ZR NA PE NC 0097:0033 1E               PUSH    DS
AX=028A BX=0000 CX=0020 DX=0087 SP=0400 BP=091C SI=0000 DI=0400 DS=0000 ES=0271 SS=028A CS=0097 IP=0034 NV UP EI PL ZR NA PE NC 0097:0034 BE8100           MOV     SI,0081
AX=028A BX=0000 CX=0020 DX=0087 SP=0400 BP=091C SI=0081 DI=0400 DS=0000 ES=0271 SS=028A CS=0097 IP=0037 NV UP EI PL ZR NA PE NC 0097:0037 06               PUSH    ES
AX=028A BX=0000 CX=0020 DX=0087 SP=03FE BP=091C SI=0081 DI=0400 DS=0000 ES=0271 SS=028A CS=0097 IP=0038 NV UP EI PL ZR NA PE NC 0097:0038 51               PUSH    CX
AX=028A BX=0000 CX=0020 DX=0087 SP=03FC BP=091C SI=0081 DI=0400 DS=0000 ES=0271 SS=028A CS=0097 IP=0039 NV UP EI PL ZR NA PE NC 0097:0039 8CC8             MOV     AX,CS
AX=0097 BX=0000 CX=0020 DX=0087 SP=03FC BP=091C SI=0081 DI=0400 DS=0000 ES=0271 SS=028A CS=0097 IP=003B NV UP EI PL ZR NA PE NC 0097:003B 05DA01           ADD     AX,01DA
AX=0271 BX=0000 CX=0020 DX=0087 SP=03FC BP=091C SI=0081 DI=0400 DS=0000 ES=0271 SS=028A CS=0097 IP=003E NV UP EI PL NZ AC PE NC 0097:003E 8EC0             MOV     ES,AX
AX=0271 BX=0000 CX=0020 DX=0087 SP=03FC BP=091C SI=0081 DI=0400 DS=0000 ES=0271 SS=028A CS=0097 IP=0040 NV UP EI PL NZ AC PE NC 0097:0040 BF8000           MOV     DI,0080
AX=0271 BX=0000 CX=0020 DX=0087 SP=03FC BP=091C SI=0081 DI=0080 DS=0000 ES=0271 SS=028A CS=0097 IP=0043 NV UP EI PL NZ AC PE NC 0097:0043 FC               CLD
AX=0271 BX=0000 CX=0020 DX=0087 SP=03FC BP=091C SI=0081 DI=0080 DS=0000 ES=0271 SS=028A CS=0097 IP=0044 NV UP EI PL NZ AC PE NC 0097:0044 F3A4             REPZ MOVSB
AX=0271 BX=0000 CX=0000 DX=0087 SP=03FC BP=091C SI=00A1 DI=00A0 DS=0000 ES=0271 SS=028A CS=0097 IP=0046 NV UP EI PL NZ AC PE NC 0097:0046 30C0             XOR     AL,AL
AX=0200 BX=0000 CX=0000 DX=0087 SP=03FC BP=091C SI=00A1 DI=00A0 DS=0000 ES=0271 SS=028A CS=0097 IP=0048 NV UP EI PL ZR NA PE NC 0097:0048 AA               STOSB
AX=0200 BX=0000 CX=0000 DX=0087 SP=03FC BP=091C SI=00A1 DI=00A1 DS=0000 ES=0271 SS=028A CS=0097 IP=0049 NV UP EI PL ZR NA PE NC 0097:0049 59               POP     CX
AX=0200 BX=0000 CX=0020 DX=0087 SP=03FE BP=091C SI=00A1 DI=00A1 DS=0000 ES=0271 SS=028A CS=0097 IP=004A NV UP EI PL ZR NA PE NC 0097:004A 07               POP     ES
AX=0200 BX=0000 CX=0020 DX=0087 SP=0400 BP=091C SI=00A1 DI=00A1 DS=0000 ES=0271 SS=028A CS=0097 IP=004B NV UP EI PL ZR NA PE NC 0097:004B 1F               POP     DS
AX=0200 BX=0000 CX=0020 DX=0087 SP=0402 BP=091C SI=00A1 DI=00A1 DS=0000 ES=0271 SS=028A CS=0097 IP=004C NV UP EI PL ZR NA PE NC 0097:004C 1E               PUSH    DS
AX=0200 BX=0000 CX=0020 DX=0087 SP=0400 BP=091C SI=00A1 DI=00A1 DS=0000 ES=0271 SS=028A CS=0097 IP=004D NV UP EI PL ZR NA PE NC 0097:004D 8CC8             MOV     AX,CS
AX=0097 BX=0000 CX=0020 DX=0087 SP=0400 BP=091C SI=00A1 DI=00A1 DS=0000 ES=0271 SS=028A CS=0097 IP=004F NV UP EI PL ZR NA PE NC 0097:004F 05DA01           ADD     AX,01DA
AX=0271 BX=0000 CX=0020 DX=0087 SP=0400 BP=091C SI=00A1 DI=00A1 DS=0000 ES=0271 SS=028A CS=0097 IP=0052 NV UP EI PL NZ AC PE NC 0097:0052 8ED8             MOV     DS,AX
AX=0271 BX=0000 CX=0020 DX=0087 SP=0400 BP=091C SI=00A1 DI=00A1 DS=0271 ES=0271 SS=028A CS=0097 IP=0054 NV UP EI PL NZ AC PE NC 0097:0054 BE8000           MOV     SI,0080
AX=0271 BX=0000 CX=0020 DX=0087 SP=0400 BP=091C SI=0080 DI=00A1 DS=0271 ES=0271 SS=028A CS=0097 IP=0057 NV UP EI PL NZ AC PE NC 0097:0057 BB0000           MOV     BX,0000
AX=0271 BX=0000 CX=0020 DX=0087 SP=0400 BP=091C SI=0080 DI=00A1 DS=0271 ES=0271 SS=028A CS=0097 IP=005A NV UP EI PL NZ AC PE NC 0097:005A 30ED             XOR     CH,CH
AX=0271 BX=0000 CX=0020 DX=0087 SP=0400 BP=091C SI=0080 DI=00A1 DS=0271 ES=0271 SS=028A CS=0097 IP=005C NV UP EI PL ZR NA PE NC 0097:005C AC               LODSB
AX=0200 BX=0000 CX=0020 DX=0087 SP=0400 BP=091C SI=0081 DI=00A1 DS=0271 ES=0271 SS=028A CS=0097 IP=005D NV UP EI PL ZR NA PE NC 0097:005D 3C20             CMP     AL,20
AX=0200 BX=0000 CX=0020 DX=0087 SP=0400 BP=091C SI=0081 DI=00A1 DS=0271 ES=0271 SS=028A CS=0097 IP=005F NV UP EI NG NZ NA PO CY 0097:005F 74FB             JZ      005C
AX=0200 BX=0000 CX=0020 DX=0087 SP=0400 BP=091C SI=0081 DI=00A1 DS=0271 ES=0271 SS=028A CS=0097 IP=0061 NV UP EI NG NZ NA PO CY 0097:0061 3C0D             CMP     AL,0D
AX=0200 BX=0000 CX=0020 DX=0087 SP=0400 BP=091C SI=0081 DI=00A1 DS=0271 ES=0271 SS=028A CS=0097 IP=0063 NV UP EI NG NZ AC PE CY 0097:0063 742A             JZ      008F
AX=0200 BX=0000 CX=0020 DX=0087 SP=0400 BP=091C SI=0081 DI=00A1 DS=0271 ES=0271 SS=028A CS=0097 IP=0065 NV UP EI NG NZ AC PE CY 0097:0065 08C0             OR      AL,AL
AX=0200 BX=0000 CX=0020 DX=0087 SP=0400 BP=091C SI=0081 DI=00A1 DS=0271 ES=0271 SS=028A CS=0097 IP=0067 NV UP EI PL ZR NA PE NC 0097:0067 7426             JZ      008F
AX=0200 BX=0000 CX=0020 DX=0087 SP=0400 BP=091C SI=0081 DI=00A1 DS=0271 ES=0271 SS=028A CS=0097 IP=008F NV UP EI PL ZR NA PE NC 0097:008F 31C0             XOR     AX,AX
AX=0000 BX=0000 CX=0020 DX=0087 SP=0400 BP=091C SI=0081 DI=00A1 DS=0271 ES=0271 SS=028A CS=0097 IP=0091 NV UP EI PL ZR NA PE NC 0097:0091 8907             MOV     [BX],AX
AX=0000 BX=0000 CX=0020 DX=0087 SP=0400 BP=091C SI=0081 DI=00A1 DS=0271 ES=0271 SS=028A CS=0097 IP=0093 NV UP EI PL ZR NA PE NC 0097:0093 89870200         MOV     [BX+0002],AX
AX=0000 BX=0000 CX=0020 DX=0087 SP=0400 BP=091C SI=0081 DI=00A1 DS=0271 ES=0271 SS=028A CS=0097 IP=0097 NV UP EI PL ZR NA PE NC 0097:0097 88E8             MOV     AL,CH
AX=0000 BX=0000 CX=0020 DX=0087 SP=0400 BP=091C SI=0081 DI=00A1 DS=0271 ES=0271 SS=028A CS=0097 IP=0099 NV UP EI PL ZR NA PE NC 0097:0099 1F               POP     DS
AX=0000 BX=0000 CX=0020 DX=0087 SP=0402 BP=091C SI=0081 DI=00A1 DS=0000 ES=0271 SS=028A CS=0097 IP=009A NV UP EI PL ZR NA PE NC 0097:009A E90200           JMP     009F
AX=0000 BX=0000 CX=0020 DX=0087 SP=0402 BP=091C SI=0081 DI=00A1 DS=0000 ES=0271 SS=028A CS=0097 IP=009F NV UP EI PL ZR NA PE NC 0097:009F 50               PUSH    AX
AX=0000 BX=0000 CX=0020 DX=0087 SP=0400 BP=091C SI=0081 DI=00A1 DS=0000 ES=0271 SS=028A CS=0097 IP=00A0 NV UP EI PL ZR NA PE NC 0097:00A0 8CC8             MOV     AX,CS
AX=0097 BX=0000 CX=0020 DX=0087 SP=0400 BP=091C SI=0081 DI=00A1 DS=0000 ES=0271 SS=028A CS=0097 IP=00A2 NV UP EI PL ZR NA PE NC 0097:00A2 05DA01           ADD     AX,01DA
AX=0271 BX=0000 CX=0020 DX=0087 SP=0400 BP=091C SI=0081 DI=00A1 DS=0000 ES=0271 SS=028A CS=0097 IP=00A5 NV UP EI PL NZ AC PE NC 0097:00A5 8ED8             MOV     DS,AX
AX=0271 BX=0000 CX=0020 DX=0087 SP=0400 BP=091C SI=0081 DI=00A1 DS=0271 ES=0271 SS=028A CS=0097 IP=00A7 NV UP EI PL NZ AC PE NC 0097:00A7 8EC0             MOV     ES,AX
AX=0271 BX=0000 CX=0020 DX=0087 SP=0400 BP=091C SI=0081 DI=00A1 DS=0271 ES=0271 SS=028A CS=0097 IP=00A9 NV UP EI PL NZ AC PE NC 0097:00A9 58               POP     AX
AX=0000 BX=0000 CX=0020 DX=0087 SP=0402 BP=091C SI=0081 DI=00A1 DS=0271 ES=0271 SS=028A CS=0097 IP=00AA NV UP EI PL NZ AC PE NC 0097:00AA 31D2             XOR     DX,DX
AX=0000 BX=0000 CX=0020 DX=0000 SP=0402 BP=091C SI=0081 DI=00A1 DS=0271 ES=0271 SS=028A CS=0097 IP=00AC NV UP EI PL ZR NA PE NC 0097:00AC 52               PUSH    DX
AX=0000 BX=0000 CX=0020 DX=0000 SP=0400 BP=091C SI=0081 DI=00A1 DS=0271 ES=0271 SS=028A CS=0097 IP=00AD NV UP EI PL ZR NA PE NC 0097:00AD 50               PUSH    AX
AX=0000 BX=0000 CX=0020 DX=0000 SP=03FE BP=091C SI=0081 DI=00A1 DS=0271 ES=0271 SS=028A CS=0097 IP=00AE NV UP EI PL ZR NA PE NC 0097:00AE 8CC9             MOV     CX,CS
AX=0000 BX=0000 CX=0097 DX=0000 SP=03FE BP=091C SI=0081 DI=00A1 DS=0271 ES=0271 SS=028A CS=0097 IP=00B0 NV UP EI PL ZR NA PE NC 0097:00B0 81C1DA01         ADD     CX,01DA
AX=0000 BX=0000 CX=0271 DX=0000 SP=03FE BP=091C SI=0081 DI=00A1 DS=0271 ES=0271 SS=028A CS=0097 IP=00B4 NV UP EI PL NZ AC PE NC 0097:00B4 51               PUSH    CX
AX=0000 BX=0000 CX=0271 DX=0000 SP=03FC BP=091C SI=0081 DI=00A1 DS=0271 ES=0271 SS=028A CS=0097 IP=00B5 NV UP EI PL NZ AC PE NC 0097:00B5 B90000           MOV     CX,0000
AX=0000 BX=0000 CX=0000 DX=0000 SP=03FC BP=091C SI=0081 DI=00A1 DS=0271 ES=0271 SS=028A CS=0097 IP=00B8 NV UP EI PL NZ AC PE NC 0097:00B8 51               PUSH    CX
AX=0000 BX=0000 CX=0000 DX=0000 SP=03FA BP=091C SI=0081 DI=00A1 DS=0271 ES=0271 SS=028A CS=0097 IP=00B9 NV UP EI PL NZ AC PE NC 0097:00B9 E80800           CALL    00C4
AX=0000 BX=0000 CX=0000 DX=0000 SP=03F8 BP=091C SI=0081 DI=00A1 DS=0271 ES=0271 SS=028A CS=0097 IP=00C4 NV UP EI PL NZ AC PE NC 0097:00C4 55               PUSH    BP
AX=0000 BX=0000 CX=0000 DX=0000 SP=03F6 BP=091C SI=0081 DI=00A1 DS=0271 ES=0271 SS=028A CS=0097 IP=00C5 NV UP EI PL NZ AC PE NC 0097:00C5 89E5             MOV     BP,SP
AX=0000 BX=0000 CX=0000 DX=0000 SP=03F6 BP=03F6 SI=0081 DI=00A1 DS=0271 ES=0271 SS=028A CS=0097 IP=00C7 NV UP EI PL NZ AC PE NC 0097:00C7 B8EE12           MOV     AX,12EE
AX=12EE BX=0000 CX=0000 DX=0000 SP=03F6 BP=03F6 SI=0081 DI=00A1 DS=0271 ES=0271 SS=028A CS=0097 IP=00CA NV UP EI PL NZ AC PE NC 0097:00CA B88001           MOV     AX,0180
AX=0180 BX=0000 CX=0000 DX=0000 SP=03F6 BP=03F6 SI=0081 DI=00A1 DS=0271 ES=0271 SS=028A CS=0097 IP=00CD NV UP EI PL NZ AC PE NC 0097:00CD 50               PUSH    AX
AX=0180 BX=0000 CX=0000 DX=0000 SP=03F4 BP=03F6 SI=0081 DI=00A1 DS=0271 ES=0271 SS=028A CS=0097 IP=00CE NV UP EI PL NZ AC PE NC 0097:00CE E81D12           CALL    12EE
AX=0180 BX=0000 CX=0000 DX=0000 SP=03F2 BP=03F6 SI=0081 DI=00A1 DS=0271 ES=0271 SS=028A CS=0097 IP=12EE NV UP EI PL NZ AC PE NC 0097:12EE 55               PUSH    BP
AX=0180 BX=0000 CX=0000 DX=0000 SP=03F0 BP=03F6 SI=0081 DI=00A1 DS=0271 ES=0271 SS=028A CS=0097 IP=12EF NV UP EI PL NZ AC PE NC 0097:12EF 89E5             MOV     BP,SP
AX=0180 BX=0000 CX=0000 DX=0000 SP=03F0 BP=03F0 SI=0081 DI=00A1 DS=0271 ES=0271 SS=028A CS=0097 IP=12F1 NV UP EI PL NZ AC PE NC 0097:12F1 81EC0C00         SUB     SP,000C
AX=0180 BX=0000 CX=0000 DX=0000 SP=03E4 BP=03F0 SI=0081 DI=00A1 DS=0271 ES=0271 SS=028A CS=0097 IP=12F5 NV UP EI PL NZ AC PE NC 0097:12F5 8D86FCFF         LEA     AX,[BP-0004]
AX=03EC BX=0000 CX=0000 DX=0000 SP=03E4 BP=03F0 SI=0081 DI=00A1 DS=0271 ES=0271 SS=028A CS=0097 IP=12F9 NV UP EI PL NZ AC PE NC 0097:12F9 8CD2             MOV     DX,SS
AX=03EC BX=0000 CX=0000 DX=028A SP=03E4 BP=03F0 SI=0081 DI=00A1 DS=0271 ES=0271 SS=028A CS=0097 IP=12FB NV UP EI PL NZ AC PE NC 0097:12FB 52               PUSH    DX
AX=03EC BX=0000 CX=0000 DX=028A SP=03E2 BP=03F0 SI=0081 DI=00A1 DS=0271 ES=0271 SS=028A CS=0097 IP=12FC NV UP EI PL NZ AC PE NC 0097:12FC 50               PUSH    AX
AX=03EC BX=0000 CX=0000 DX=028A SP=03E0 BP=03F0 SI=0081 DI=00A1 DS=0271 ES=0271 SS=028A CS=0097 IP=12FD NV UP EI PL NZ AC PE NC 0097:12FD B80000           MOV     AX,0000
AX=0000 BX=0000 CX=0000 DX=028A SP=03E0 BP=03F0 SI=0081 DI=00A1 DS=0271 ES=0271 SS=028A CS=0097 IP=1300 NV UP EI PL NZ AC PE NC 0097:1300 BA0000           MOV     DX,0000
AX=0000 BX=0000 CX=0000 DX=0000 SP=03E0 BP=03F0 SI=0081 DI=00A1 DS=0271 ES=0271 SS=028A CS=0097 IP=1303 NV UP EI PL NZ AC PE NC 0097:1303 5B               POP     BX
AX=0000 BX=03EC CX=0000 DX=0000 SP=03E2 BP=03F0 SI=0081 DI=00A1 DS=0271 ES=0271 SS=028A CS=0097 IP=1304 NV UP EI PL NZ AC PE NC 0097:1304 59               POP     CX
AX=0000 BX=03EC CX=028A DX=0000 SP=03E4 BP=03F0 SI=0081 DI=00A1 DS=0271 ES=0271 SS=028A CS=0097 IP=1305 NV UP EI PL NZ AC PE NC 0097:1305 87D8             XCHG    AX,BX
AX=03EC BX=0000 CX=028A DX=0000 SP=03E4 BP=03F0 SI=0081 DI=00A1 DS=0271 ES=0271 SS=028A CS=0097 IP=1307 NV UP EI PL NZ AC PE NC 0097:1307 87CA             XCHG    DX,CX
AX=03EC BX=0000 CX=0000 DX=028A SP=03E4 BP=03F0 SI=0081 DI=00A1 DS=0271 ES=0271 SS=028A CS=0097 IP=1309 NV UP EI PL NZ AC PE NC 0097:1309 89C7             MOV     DI,AX
AX=03EC BX=0000 CX=0000 DX=028A SP=03E4 BP=03F0 SI=0081 DI=03EC DS=0271 ES=0271 SS=028A CS=0097 IP=130B NV UP EI PL NZ AC PE NC 0097:130B 8EC2             MOV     ES,DX
AX=03EC BX=0000 CX=0000 DX=028A SP=03E4 BP=03F0 SI=0081 DI=03EC DS=0271 ES=028A SS=028A CS=0097 IP=130D NV UP EI PL NZ AC PE NC 0097:130D 26891D           MOV     ES:[DI],BX
AX=03EC BX=0000 CX=0000 DX=028A SP=03E4 BP=03F0 SI=0081 DI=03EC DS=0271 ES=028A SS=028A CS=0097 IP=1310 NV UP EI PL NZ AC PE NC 0097:1310 26898D0200       MOV     ES:[DI+0002],CX
AX=03EC BX=0000 CX=0000 DX=028A SP=03E4 BP=03F0 SI=0081 DI=03EC DS=0271 ES=028A SS=028A CS=0097 IP=1315 NV UP EI PL NZ AC PE NC 0097:1315 8D86F4FF         LEA     AX,[BP-000C]
AX=03E4 BX=0000 CX=0000 DX=028A SP=03E4 BP=03F0 SI=0081 DI=03EC DS=0271 ES=028A SS=028A CS=0097 IP=1319 NV UP EI PL NZ AC PE NC 0097:1319 8CD2             MOV     DX,SS
AX=03E4 BX=0000 CX=0000 DX=028A SP=03E4 BP=03F0 SI=0081 DI=03EC DS=0271 ES=028A SS=028A CS=0097 IP=131B NV UP EI PL NZ AC PE NC 0097:131B 52               PUSH    DX
AX=03E4 BX=0000 CX=0000 DX=028A SP=03E2 BP=03F0 SI=0081 DI=03EC DS=0271 ES=028A SS=028A CS=0097 IP=131C NV UP EI PL NZ AC PE NC 0097:131C 50               PUSH    AX
AX=03E4 BX=0000 CX=0000 DX=028A SP=03E0 BP=03F0 SI=0081 DI=03EC DS=0271 ES=028A SS=028A CS=0097 IP=131D NV UP EI PL NZ AC PE NC 0097:131D 8D860800         LEA     AX,[BP+0008]
AX=03F8 BX=0000 CX=0000 DX=028A SP=03E0 BP=03F0 SI=0081 DI=03EC DS=0271 ES=028A SS=028A CS=0097 IP=1321 NV UP EI PL NZ AC PE NC 0097:1321 8CD2             MOV     DX,SS
AX=03F8 BX=0000 CX=0000 DX=028A SP=03E0 BP=03F0 SI=0081 DI=03EC DS=0271 ES=028A SS=028A CS=0097 IP=1323 NV UP EI PL NZ AC PE NC 0097:1323 89C7             MOV     DI,AX
AX=03F8 BX=0000 CX=0000 DX=028A SP=03E0 BP=03F0 SI=0081 DI=03F8 DS=0271 ES=028A SS=028A CS=0097 IP=1325 NV UP EI PL NZ AC PE NC 0097:1325 8EC2             MOV     ES,DX
AX=03F8 BX=0000 CX=0000 DX=028A SP=03E0 BP=03F0 SI=0081 DI=03F8 DS=0271 ES=028A SS=028A CS=0097 IP=1327 NV UP EI PL NZ AC PE NC 0097:1327 268B05           MOV     AX,ES:[DI]
AX=00BC BX=0000 CX=0000 DX=028A SP=03E0 BP=03F0 SI=0081 DI=03F8 DS=0271 ES=028A SS=028A CS=0097 IP=132A NV UP EI PL NZ AC PE NC 0097:132A 268B950200       MOV     DX,ES:[DI+0002]
AX=00BC BX=0000 CX=0000 DX=0000 SP=03E0 BP=03F0 SI=0081 DI=03F8 DS=0271 ES=028A SS=028A CS=0097 IP=132F NV UP EI PL NZ AC PE NC 0097:132F 5B               POP     BX
AX=00BC BX=03E4 CX=0000 DX=0000 SP=03E2 BP=03F0 SI=0081 DI=03F8 DS=0271 ES=028A SS=028A CS=0097 IP=1330 NV UP EI PL NZ AC PE NC 0097:1330 59               POP     CX
AX=00BC BX=03E4 CX=028A DX=0000 SP=03E4 BP=03F0 SI=0081 DI=03F8 DS=0271 ES=028A SS=028A CS=0097 IP=1331 NV UP EI PL NZ AC PE NC 0097:1331 87D8             XCHG    AX,BX
AX=03E4 BX=00BC CX=028A DX=0000 SP=03E4 BP=03F0 SI=0081 DI=03F8 DS=0271 ES=028A SS=028A CS=0097 IP=1333 NV UP EI PL NZ AC PE NC 0097:1333 87CA             XCHG    DX,CX
AX=03E4 BX=00BC CX=0000 DX=028A SP=03E4 BP=03F0 SI=0081 DI=03F8 DS=0271 ES=028A SS=028A CS=0097 IP=1335 NV UP EI PL NZ AC PE NC 0097:1335 89C7             MOV     DI,AX
AX=03E4 BX=00BC CX=0000 DX=028A SP=03E4 BP=03F0 SI=0081 DI=03E4 DS=0271 ES=028A SS=028A CS=0097 IP=1337 NV UP EI PL NZ AC PE NC 0097:1337 8EC2             MOV     ES,DX
AX=03E4 BX=00BC CX=0000 DX=028A SP=03E4 BP=03F0 SI=0081 DI=03E4 DS=0271 ES=028A SS=028A CS=0097 IP=1339 NV UP EI PL NZ AC PE NC 0097:1339 26891D           MOV     ES:[DI],BX
AX=03E4 BX=00BC CX=0000 DX=028A SP=03E4 BP=03F0 SI=0081 DI=03E4 DS=0271 ES=028A SS=028A CS=0097 IP=133C NV UP EI PL NZ AC PE NC 0097:133C 26898D0200       MOV     ES:[DI+0002],CX
AX=03E4 BX=00BC CX=0000 DX=028A SP=03E4 BP=03F0 SI=0081 DI=03E4 DS=0271 ES=028A SS=028A CS=0097 IP=1341 NV UP EI PL NZ AC PE NC 0097:1341 8D86F8FF         LEA     AX,[BP-0008]
AX=03E8 BX=00BC CX=0000 DX=028A SP=03E4 BP=03F0 SI=0081 DI=03E4 DS=0271 ES=028A SS=028A CS=0097 IP=1345 NV UP EI PL NZ AC PE NC 0097:1345 8CD2             MOV     DX,SS
AX=03E8 BX=00BC CX=0000 DX=028A SP=03E4 BP=03F0 SI=0081 DI=03E4 DS=0271 ES=028A SS=028A CS=0097 IP=1347 NV UP EI PL NZ AC PE NC 0097:1347 52               PUSH    DX
AX=03E8 BX=00BC CX=0000 DX=028A SP=03E2 BP=03F0 SI=0081 DI=03E4 DS=0271 ES=028A SS=028A CS=0097 IP=1348 NV UP EI PL NZ AC PE NC 0097:1348 50               PUSH    AX
AX=03E8 BX=00BC CX=0000 DX=028A SP=03E0 BP=03F0 SI=0081 DI=03E4 DS=0271 ES=028A SS=028A CS=0097 IP=1349 NV UP EI PL NZ AC PE NC 0097:1349 8D860400         LEA     AX,[BP+0004]
AX=03F4 BX=00BC CX=0000 DX=028A SP=03E0 BP=03F0 SI=0081 DI=03E4 DS=0271 ES=028A SS=028A CS=0097 IP=134D NV UP EI PL NZ AC PE NC 0097:134D 8CD2             MOV     DX,SS
AX=03F4 BX=00BC CX=0000 DX=028A SP=03E0 BP=03F0 SI=0081 DI=03E4 DS=0271 ES=028A SS=028A CS=0097 IP=134F NV UP EI PL NZ AC PE NC 0097:134F 89C7             MOV     DI,AX
AX=03F4 BX=00BC CX=0000 DX=028A SP=03E0 BP=03F0 SI=0081 DI=03F4 DS=0271 ES=028A SS=028A CS=0097 IP=1351 NV UP EI PL NZ AC PE NC 0097:1351 8EC2             MOV     ES,DX
AX=03F4 BX=00BC CX=0000 DX=028A SP=03E0 BP=03F0 SI=0081 DI=03F4 DS=0271 ES=028A SS=028A CS=0097 IP=1353 NV UP EI PL NZ AC PE NC 0097:1353 268B05           MOV     AX,ES:[DI]
AX=0180 BX=00BC CX=0000 DX=028A SP=03E0 BP=03F0 SI=0081 DI=03F4 DS=0271 ES=028A SS=028A CS=0097 IP=1356 NV UP EI PL NZ AC PE NC 0097:1356 268B950200       MOV     DX,ES:[DI+0002]
AX=0180 BX=00BC CX=0000 DX=091C SP=03E0 BP=03F0 SI=0081 DI=03F4 DS=0271 ES=028A SS=028A CS=0097 IP=135B NV UP EI PL NZ AC PE NC 0097:135B 52               PUSH    DX
AX=0180 BX=00BC CX=0000 DX=091C SP=03DE BP=03F0 SI=0081 DI=03F4 DS=0271 ES=028A SS=028A CS=0097 IP=135C NV UP EI PL NZ AC PE NC 0097:135C 50               PUSH    AX
AX=0180 BX=00BC CX=0000 DX=091C SP=03DC BP=03F0 SI=0081 DI=03F4 DS=0271 ES=028A SS=028A CS=0097 IP=135D NV UP EI PL NZ AC PE NC 0097:135D 8D86FCFF         LEA     AX,[BP-0004]
AX=03EC BX=00BC CX=0000 DX=091C SP=03DC BP=03F0 SI=0081 DI=03F4 DS=0271 ES=028A SS=028A CS=0097 IP=1361 NV UP EI PL NZ AC PE NC 0097:1361 8CD2             MOV     DX,SS
AX=03EC BX=00BC CX=0000 DX=028A SP=03DC BP=03F0 SI=0081 DI=03F4 DS=0271 ES=028A SS=028A CS=0097 IP=1363 NV UP EI PL NZ AC PE NC 0097:1363 89C7             MOV     DI,AX
AX=03EC BX=00BC CX=0000 DX=028A SP=03DC BP=03F0 SI=0081 DI=03EC DS=0271 ES=028A SS=028A CS=0097 IP=1365 NV UP EI PL NZ AC PE NC 0097:1365 8EC2             MOV     ES,DX
AX=03EC BX=00BC CX=0000 DX=028A SP=03DC BP=03F0 SI=0081 DI=03EC DS=0271 ES=028A SS=028A CS=0097 IP=1367 NV UP EI PL NZ AC PE NC 0097:1367 268B05           MOV     AX,ES:[DI]
AX=0000 BX=00BC CX=0000 DX=028A SP=03DC BP=03F0 SI=0081 DI=03EC DS=0271 ES=028A SS=028A CS=0097 IP=136A NV UP EI PL NZ AC PE NC 0097:136A 268B950200       MOV     DX,ES:[DI+0002]
AX=0000 BX=00BC CX=0000 DX=0000 SP=03DC BP=03F0 SI=0081 DI=03EC DS=0271 ES=028A SS=028A CS=0097 IP=136F NV UP EI PL NZ AC PE NC 0097:136F 5B               POP     BX
AX=0000 BX=0180 CX=0000 DX=0000 SP=03DE BP=03F0 SI=0081 DI=03EC DS=0271 ES=028A SS=028A CS=0097 IP=1370 NV UP EI PL NZ AC PE NC 0097:1370 59               POP     CX
AX=0000 BX=0180 CX=091C DX=0000 SP=03E0 BP=03F0 SI=0081 DI=03EC DS=0271 ES=028A SS=028A CS=0097 IP=1371 NV UP EI PL NZ AC PE NC 0097:1371 01D8             ADD     AX,BX
AX=0180 BX=0180 CX=091C DX=0000 SP=03E0 BP=03F0 SI=0081 DI=03EC DS=0271 ES=028A SS=028A CS=0097 IP=1373 NV UP EI PL NZ NA PO NC 0097:1373 11CA             ADC     DX,CX
AX=0180 BX=0180 CX=091C DX=091C SP=03E0 BP=03F0 SI=0081 DI=03EC DS=0271 ES=028A SS=028A CS=0097 IP=1375 NV UP EI PL NZ NA PO NC 0097:1375 89C7             MOV     DI,AX
AX=0180 BX=0180 CX=091C DX=091C SP=03E0 BP=03F0 SI=0081 DI=0180 DS=0271 ES=028A SS=028A CS=0097 IP=1377 NV UP EI PL NZ NA PO NC 0097:1377 8EC2             MOV     ES,DX
AX=0180 BX=0180 CX=091C DX=091C SP=03E0 BP=03F0 SI=0081 DI=0180 DS=0271 ES=091C SS=028A CS=0097 IP=1379 NV UP EI PL NZ NA PO NC 0097:1379 30E4             XOR     AH,AH
AX=0080 BX=0180 CX=091C DX=091C SP=03E0 BP=03F0 SI=0081 DI=0180 DS=0271 ES=091C SS=028A CS=0097 IP=137B NV UP EI PL ZR NA PE NC 0097:137B 268A05           MOV     AL,ES:[DI]
AX=0000 BX=0180 CX=091C DX=091C SP=03E0 BP=03F0 SI=0081 DI=0180 DS=0271 ES=091C SS=028A CS=0097 IP=137E NV UP EI PL ZR NA PE NC 0097:137E 31D2             XOR     DX,DX
AX=0000 BX=0180 CX=091C DX=0000 SP=03E0 BP=03F0 SI=0081 DI=0180 DS=0271 ES=091C SS=028A CS=0097 IP=1380 NV UP EI PL ZR NA PE NC 0097:1380 5B               POP     BX
AX=0000 BX=03E8 CX=091C DX=0000 SP=03E2 BP=03F0 SI=0081 DI=0180 DS=0271 ES=091C SS=028A CS=0097 IP=1381 NV UP EI PL ZR NA PE NC 0097:1381 59               POP     CX
AX=0000 BX=03E8 CX=028A DX=0000 SP=03E4 BP=03F0 SI=0081 DI=0180 DS=0271 ES=091C SS=028A CS=0097 IP=1382 NV UP EI PL ZR NA PE NC 0097:1382 87D8             XCHG    AX,BX
AX=03E8 BX=0000 CX=028A DX=0000 SP=03E4 BP=03F0 SI=0081 DI=0180 DS=0271 ES=091C SS=028A CS=0097 IP=1384 NV UP EI PL ZR NA PE NC 0097:1384 87CA             XCHG    DX,CX
AX=03E8 BX=0000 CX=0000 DX=028A SP=03E4 BP=03F0 SI=0081 DI=0180 DS=0271 ES=091C SS=028A CS=0097 IP=1386 NV UP EI PL ZR NA PE NC 0097:1386 89C7             MOV     DI,AX
AX=03E8 BX=0000 CX=0000 DX=028A SP=03E4 BP=03F0 SI=0081 DI=03E8 DS=0271 ES=091C SS=028A CS=0097 IP=1388 NV UP EI PL ZR NA PE NC 0097:1388 8EC2             MOV     ES,DX
AX=03E8 BX=0000 CX=0000 DX=028A SP=03E4 BP=03F0 SI=0081 DI=03E8 DS=0271 ES=028A SS=028A CS=0097 IP=138A NV UP EI PL ZR NA PE NC 0097:138A 26891D           MOV     ES:[DI],BX
AX=03E8 BX=0000 CX=0000 DX=028A SP=03E4 BP=03F0 SI=0081 DI=03E8 DS=0271 ES=028A SS=028A CS=0097 IP=138D NV UP EI PL ZR NA PE NC 0097:138D 26898D0200       MOV     ES:[DI+0002],CX
AX=03E8 BX=0000 CX=0000 DX=028A SP=03E4 BP=03F0 SI=0081 DI=03E8 DS=0271 ES=028A SS=028A CS=0097 IP=1392 NV UP EI PL ZR NA PE NC 0097:1392 8D86F8FF         LEA     AX,[BP-0008]
AX=03E8 BX=0000 CX=0000 DX=028A SP=03E4 BP=03F0 SI=0081 DI=03E8 DS=0271 ES=028A SS=028A CS=0097 IP=1396 NV UP EI PL ZR NA PE NC 0097:1396 8CD2             MOV     DX,SS
AX=03E8 BX=0000 CX=0000 DX=028A SP=03E4 BP=03F0 SI=0081 DI=03E8 DS=0271 ES=028A SS=028A CS=0097 IP=1398 NV UP EI PL ZR NA PE NC 0097:1398 89C7             MOV     DI,AX
AX=03E8 BX=0000 CX=0000 DX=028A SP=03E4 BP=03F0 SI=0081 DI=03E8 DS=0271 ES=028A SS=028A CS=0097 IP=139A NV UP EI PL ZR NA PE NC 0097:139A 8EC2             MOV     ES,DX
AX=03E8 BX=0000 CX=0000 DX=028A SP=03E4 BP=03F0 SI=0081 DI=03E8 DS=0271 ES=028A SS=028A CS=0097 IP=139C NV UP EI PL ZR NA PE NC 0097:139C 268B05           MOV     AX,ES:[DI]
AX=0000 BX=0000 CX=0000 DX=028A SP=03E4 BP=03F0 SI=0081 DI=03E8 DS=0271 ES=028A SS=028A CS=0097 IP=139F NV UP EI PL ZR NA PE NC 0097:139F 268B950200       MOV     DX,ES:[DI+0002]
AX=0000 BX=0000 CX=0000 DX=0000 SP=03E4 BP=03F0 SI=0081 DI=03E8 DS=0271 ES=028A SS=028A CS=0097 IP=13A4 NV UP EI PL ZR NA PE NC 0097:13A4 52               PUSH    DX
AX=0000 BX=0000 CX=0000 DX=0000 SP=03E2 BP=03F0 SI=0081 DI=03E8 DS=0271 ES=028A SS=028A CS=0097 IP=13A5 NV UP EI PL ZR NA PE NC 0097:13A5 50               PUSH    AX
AX=0000 BX=0000 CX=0000 DX=0000 SP=03E0 BP=03F0 SI=0081 DI=03E8 DS=0271 ES=028A SS=028A CS=0097 IP=13A6 NV UP EI PL ZR NA PE NC 0097:13A6 B80000           MOV     AX,0000
AX=0000 BX=0000 CX=0000 DX=0000 SP=03E0 BP=03F0 SI=0081 DI=03E8 DS=0271 ES=028A SS=028A CS=0097 IP=13A9 NV UP EI PL ZR NA PE NC 0097:13A9 BA0000           MOV     DX,0000
AX=0000 BX=0000 CX=0000 DX=0000 SP=03E0 BP=03F0 SI=0081 DI=03E8 DS=0271 ES=028A SS=028A CS=0097 IP=13AC NV UP EI PL ZR NA PE NC 0097:13AC 5B               POP     BX
AX=0000 BX=0000 CX=0000 DX=0000 SP=03E2 BP=03F0 SI=0081 DI=03E8 DS=0271 ES=028A SS=028A CS=0097 IP=13AD NV UP EI PL ZR NA PE NC 0097:13AD 59               POP     CX
AX=0000 BX=0000 CX=0000 DX=0000 SP=03E4 BP=03F0 SI=0081 DI=03E8 DS=0271 ES=028A SS=028A CS=0097 IP=13AE NV UP EI PL ZR NA PE NC 0097:13AE 39D1             CMP     CX,DX
AX=0000 BX=0000 CX=0000 DX=0000 SP=03E4 BP=03F0 SI=0081 DI=03E8 DS=0271 ES=028A SS=028A CS=0097 IP=13B0 NV UP EI PL ZR NA PE NC 0097:13B0 7504             JNZ     13B6
AX=0000 BX=0000 CX=0000 DX=0000 SP=03E4 BP=03F0 SI=0081 DI=03E8 DS=0271 ES=028A SS=028A CS=0097 IP=13B2 NV UP EI PL ZR NA PE NC 0097:13B2 39C3             CMP     BX,AX
AX=0000 BX=0000 CX=0000 DX=0000 SP=03E4 BP=03F0 SI=0081 DI=03E8 DS=0271 ES=028A SS=028A CS=0097 IP=13B4 NV UP EI PL ZR NA PE NC 0097:13B4 7405             JZ      13BB
AX=0000 BX=0000 CX=0000 DX=0000 SP=03E4 BP=03F0 SI=0081 DI=03E8 DS=0271 ES=028A SS=028A CS=0097 IP=13BB NV UP EI PL ZR NA PE NC 0097:13BB 89C1             MOV     CX,AX
AX=0000 BX=0000 CX=0000 DX=0000 SP=03E4 BP=03F0 SI=0081 DI=03E8 DS=0271 ES=028A SS=028A CS=0097 IP=13BD NV UP EI PL ZR NA PE NC 0097:13BD 09D1             OR      CX,DX
AX=0000 BX=0000 CX=0000 DX=0000 SP=03E4 BP=03F0 SI=0081 DI=03E8 DS=0271 ES=028A SS=028A CS=0097 IP=13BF NV UP EI PL ZR NA PE NC 0097:13BF 7503             JNZ     13C4
AX=0000 BX=0000 CX=0000 DX=0000 SP=03E4 BP=03F0 SI=0081 DI=03E8 DS=0271 ES=028A SS=028A CS=0097 IP=13C1 NV UP EI PL ZR NA PE NC 0097:13C1 E98005           JMP     1944
AX=0000 BX=0000 CX=0000 DX=0000 SP=03E4 BP=03F0 SI=0081 DI=03E8 DS=0271 ES=028A SS=028A CS=0097 IP=1944 NV UP EI PL ZR NA PE NC 0097:1944 89EC             MOV     SP,BP
AX=0000 BX=0000 CX=0000 DX=0000 SP=03F0 BP=03F0 SI=0081 DI=03E8 DS=0271 ES=028A SS=028A CS=0097 IP=1946 NV UP EI PL ZR NA PE NC 0097:1946 5D               POP     BP
AX=0000 BX=0000 CX=0000 DX=0000 SP=03F2 BP=03F6 SI=0081 DI=03E8 DS=0271 ES=028A SS=028A CS=0097 IP=1947 NV UP EI PL ZR NA PE NC 0097:1947 C3               RET
AX=0000 BX=0000 CX=0000 DX=0000 SP=03F4 BP=03F6 SI=0081 DI=03E8 DS=0271 ES=028A SS=028A CS=0097 IP=00D1 NV UP EI PL ZR NA PE NC 0097:00D1 81C40200         ADD     SP,0002
AX=0000 BX=0000 CX=0000 DX=0000 SP=03F6 BP=03F6 SI=0081 DI=03E8 DS=0271 ES=028A SS=028A CS=0097 IP=00D5 NV UP EI PL NZ NA PE NC 0097:00D5 89EC             MOV     SP,BP
AX=0000 BX=0000 CX=0000 DX=0000 SP=03F6 BP=03F6 SI=0081 DI=03E8 DS=0271 ES=028A SS=028A CS=0097 IP=00D7 NV UP EI PL NZ NA PE NC 0097:00D7 5D               POP     BP
AX=0000 BX=0000 CX=0000 DX=0000 SP=03F8 BP=091C SI=0081 DI=03E8 DS=0271 ES=028A SS=028A CS=0097 IP=00D8 NV UP EI PL NZ NA PE NC 0097:00D8 C3               RET
AX=0000 BX=0000 CX=0000 DX=0000 SP=03FA BP=091C SI=0081 DI=03E8 DS=0271 ES=028A SS=028A CS=0097 IP=00BC NV UP EI PL NZ NA PE NC 0097:00BC 81C40800         ADD     SP,0008
AX=0000 BX=0000 CX=0000 DX=0000 SP=0402 BP=091C SI=0081 DI=03E8 DS=0271 ES=028A SS=028A CS=0097 IP=00C0 NV UP EI PL NZ AC PO NC 0097:00C0 B44C             MOV     AH,4C
AX=4C00 BX=0000 CX=0000 DX=0000 SP=0402 BP=091C SI=0081 DI=03E8 DS=0271 ES=028A SS=028A CS=0097 IP=00C2 NV UP EI PL NZ AC PO NC 0097:00C2 CD21             INT     21
